1.使用函数range()
引例
>>> for value in range(1,5):
	print(value)

	
1
2
3
4

注意，range输入的最后一个数字是右括号旁边的数字减去1

>>> for value in range(1,1):
	print(value)


>>> for value in range(1,-1):
	print(value)
  
  
  上述输出为空
  
  2.使用range()创建数字列表
  使用list()函数
  
>>> numbers=list(range(1,5))
>>> print(numbers)
[1, 2, 3, 4]

2.1使用range()函数，并改变步长。
比如以2为步长
>>> even_numbers=list(range(2,11,2))
>>> print(even_numbers)

比如以-1为步长
>>> tyoe_zero_numbers=list(range(2,-9,-1))
>>> print(tyoe_zero_numbers)
[2, 1, 0, -1, -2, -3, -4, -5, -6, -7, -8]

但是不能以浮点数为步长
>>> spc_numbers=list(range(1,2,0.1))
Traceback (most recent call last):
  File "<pyshell#68>", line 1, in <module>
    spc_numbers=list(range(1,2,0.1))
TypeError: 'float' object cannot be interpreted as an integer

